// Jest Snapshot v1, https://goo.gl/fbAQLP

exports[`renders without crashing and matches snapshot 1`] = `
<div
  className="ui container"
  style={
    Object {
      "marginTop": "50px",
    }
  }
>
  <div
    style={
      Object {
        "outline": "none",
      }
    }
    tabIndex="-1"
  >
    <h1
      className="ui header"
    >
      Movie Trailers
    </h1>
    <div
      className="ui fluid search search-field"
      onBlur={[Function]}
      onFocus={[Function]}
      onMouseDown={[Function]}
    >
      <div
        className="ui icon input"
      >
        <input
          autoComplete="off"
          className="prompt"
          onChange={[Function]}
          onClick={[Function]}
          tabIndex="0"
          type="text"
          value=""
        />
        <i
          aria-hidden="true"
          className="search icon"
          onClick={[Function]}
        />
      </div>
      <div
        className="results transition"
      >
        <div
          className="message empty"
        >
          <div
            className="header"
          >
            No results found.
          </div>
        </div>
      </div>
    </div>
    <div
      className="ui container"
      style={
        Object {
          "marginTop": "20px",
        }
      }
    >
      <h2
        className="ui header"
      >
        Popular movies
      </h2>
      <div
        className="ui fluid placeholder"
        style={
          Object {
            "height": "200px",
          }
        }
      >
        <div
          className="rectangular image"
        />
      </div>
    </div>
    <div
      className="ui container"
      style={
        Object {
          "marginTop": "20px",
        }
      }
    >
      <h2
        className="ui header"
      >
        Popular series
      </h2>
      <div
        className="ui fluid placeholder"
        style={
          Object {
            "height": "200px",
          }
        }
      >
        <div
          className="rectangular image"
        />
      </div>
    </div>
    <div
      className="ui container"
      style={
        Object {
          "marginTop": "20px",
        }
      }
    >
      <h2
        className="ui header"
      >
        Family
      </h2>
      <div
        className="ui fluid placeholder"
        style={
          Object {
            "height": "200px",
          }
        }
      >
        <div
          className="rectangular image"
        />
      </div>
    </div>
    <div
      className="ui container"
      style={
        Object {
          "marginTop": "20px",
        }
      }
    >
      <h2
        className="ui header"
      >
        Documentary
      </h2>
      <div
        className="ui fluid placeholder"
        style={
          Object {
            "height": "200px",
          }
        }
      >
        <div
          className="rectangular image"
        />
      </div>
    </div>
  </div>
</div>
`;
